---
# Source: istio-control-plane/templates/gateway.yaml
apiVersion: networking.istio.io/v1alpha3
kind: Gateway
metadata:
  name: frontend-gateway
  namespace: control-plane
spec:
  selector:
    istio: ingressgateway # use istio default controller
  servers:
  - port:
      number: 80
      name: http2
      protocol: HTTP
    hosts:
    - 'frontend.region.example.com'
---
# Source: istio-control-plane/templates/smcp.yaml
apiVersion: maistra.io/v2
kind: ServiceMeshControlPlane
metadata:
  name: basic-install
  namespace: control-plane
spec:
  addons:
    grafana:
      enabled: true
    jaeger:
      install:
        storage:
          type: Memory
    kiali:
      enabled: true
    prometheus:
      enabled: true
  policy:
    type: Istiod
  profiles:
    - default
  security:
    controlPlane:
      mtls: true
    dataPlane:
      mtls: true
  telemetry:
    type: Istiod
  tracing:
    sampling: 10000
    type: Jaeger
  version: v2.1
---
# Source: istio-control-plane/templates/smmr.yaml
apiVersion: maistra.io/v1
kind: ServiceMeshMemberRoll
metadata:
  name: default
  namespace: control-plane
spec:
  members:
  - data-plane
