---
# Source: istio-data-plane/templates/backend-destination-rule.yaml
apiVersion: networking.istio.io/v1alpha3
kind: DestinationRule
metadata:
  name: backend
  namespace: data-plane
spec:
  host: backend.data-plane.svc.cluster.local
---
# Source: istio-data-plane/templates/frontend-destination-rule.yaml
apiVersion: networking.istio.io/v1alpha3
kind: DestinationRule
metadata:
  name: frontend
  namespace: data-plane
spec:
  host: frontend.data-plane.svc.cluster.local
---
# Source: istio-data-plane/templates/backend-peer-authentication.yaml
apiVersion: security.istio.io/v1beta1
kind: PeerAuthentication
metadata:
  name: backend
  namespace: data-plane
spec:
  selector:
    matchLabels:
      app: backend
  mtls:
    mode: PERMISSIVE #UNSET, DISABLE, PERMISSIVE, STRICT
---
# Source: istio-data-plane/templates/frontend-peer-authentication.yaml
apiVersion: security.istio.io/v1beta1
kind: PeerAuthentication
metadata:
  name: frontend
  namespace: data-plane
spec:
  selector:
    matchLabels:
      app: frontend
  mtls:
    mode: PERMISSIVE #UNSET, DISABLE, PERMISSIVE, STRICT
---
# Source: istio-data-plane/templates/backend-virtual-service.yaml
apiVersion: networking.istio.io/v1beta1
kind: VirtualService
metadata:
  name: backend
  namespace: data-plane
spec:
  hosts:
  - '*.local'
  http:
  - route:
    - destination:
        host: backend.data-plane.svc.cluster.local
---
# Source: istio-data-plane/templates/frontend-virtual-service.yaml
apiVersion: networking.istio.io/v1beta1
kind: VirtualService
metadata:
  name: frontend
  namespace: data-plane
spec:
  hosts:
  - '*.local'
  gateways:
  - istio-system/frontend-gateway
  http:
  - route:
    - destination:
        port:
          number: 8080
        host: frontend.data-plane.svc.cluster.local
